// Jest Snapshot v1, https://goo.gl/fbAQLP

exports[`CustomText should match the snapshot 1`] = `
<Text
  size="sm"
  style={
    Array [
      Object {
        "color": "#252536",
        "fontSize": 28.125,
        "fontWeight": "400",
      },
      undefined,
    ]
  }
  type="regular"
>
  Test
</Text>
`;
